// Jest Snapshot v1, https://goo.gl/fbAQLP

exports[`ProfileScreen Renders Explore screen correctly 1`] = `
<RCTScrollView
  style={
    {
      "paddingVertical": 20,
    }
  }
>
  <View>
    <View
      style={
        {
          "height": 50,
          "width": "100%",
        }
      }
    />
  </View>
</RCTScrollView>
`;

exports[`ProfileScreen Renders someone else's profile correctly 1`] = `
<RCTScrollView
  style={
    {
      "paddingVertical": 20,
    }
  }
>
  <View>
    <View
      style={
        {
          "height": 50,
          "width": "100%",
        }
      }
    />
  </View>
</RCTScrollView>
`;
