// Jest Snapshot v1, https://goo.gl/fbAQLP

exports[`Homee Renders Home correctly 1`] = `
<RCTScrollView>
  <View>
    <Text
      style={
        {
          "fontSize": 28,
          "fontWeight": "bold",
          "marginBottom": 20,
          "paddingHorizontal": 20,
          "paddingTop": 20,
        }
      }
    >
      Welcome back, 
      Saul
      !
    </Text>
    <View
      style={
        {
          "borderRadius": 6,
          "color": "black",
          "marginBottom": 20,
          "marginLeft": "auto",
          "marginRight": "auto",
          "marginTop": 8,
        }
      }
    >
      <View
        accessibilityRole="button"
        accessible={true}
        collapsable={false}
        focusable={true}
        onClick={[Function]}
        onResponderGrant={[Function]}
        onResponderMove={[Function]}
        onResponderRelease={[Function]}
        onResponderTerminate={[Function]}
        onResponderTerminationRequest={[Function]}
        onStartShouldSetResponder={[Function]}
        style={
          {
            "opacity": 1,
          }
        }
      >
        <View
          style={
            [
              {},
            ]
          }
        >
          <Text
            style={
              [
                {
                  "color": "#007AFF",
                  "fontSize": 18,
                  "margin": 8,
                  "textAlign": "center",
                },
                {
                  "color": "#FF6D6E",
                },
              ]
            }
          >
            Start a new table
          </Text>
        </View>
      </View>
    </View>
    <Text
      style={
        {
          "fontSize": 20,
          "fontWeight": "bold",
          "marginBottom": 12,
          "marginRight": "auto",
          "marginVertical": 8,
          "paddingHorizontal": 20,
        }
      }
    >
      Recently Visited
    </Text>
    <RCTScrollView
      horizontal={true}
      style={
        {
          "display": "flex",
          "flexDirection": "row",
          "flexWrap": "nowrap",
          "marginTop": 8,
          "overflowX": "scroll",
        }
      }
    >
      <View>
        <View
          accessible={true}
          collapsable={false}
          focusable={true}
          onClick={[Function]}
          onResponderGrant={[Function]}
          onResponderMove={[Function]}
          onResponderRelease={[Function]}
          onResponderTerminate={[Function]}
          onResponderTerminationRequest={[Function]}
          onStartShouldSetResponder={[Function]}
          style={
            {
              "marginLeft": 20,
              "opacity": 1,
            }
          }
        >
          <Image
            source={
              {
                "uri": "https://static.independent.co.uk/s3fs-public/thumbnails/image/2015/05/01/15/lospolloshermanos.jpg?width=1200",
              }
            }
            style={
              {
                "borderRadius": 8,
                "height": 100,
                "width": 100,
              }
            }
          />
          <Text
            style={
              {
                "marginLeft": "auto",
                "marginRight": "auto",
                "marginTop": 8,
                "overflow": "hidden",
                "width": 100,
              }
            }
          >
            Los Pollos Hermanos
          </Text>
        </View>
        <View
          accessible={true}
          collapsable={false}
          focusable={true}
          onClick={[Function]}
          onResponderGrant={[Function]}
          onResponderMove={[Function]}
          onResponderRelease={[Function]}
          onResponderTerminate={[Function]}
          onResponderTerminationRequest={[Function]}
          onStartShouldSetResponder={[Function]}
          style={
            {
              "marginLeft": 20,
              "opacity": 1,
            }
          }
        >
          <Image
            source={
              {
                "uri": "https://static.independent.co.uk/s3fs-public/thumbnails/image/2015/05/01/15/lospolloshermanos.jpg?width=1200",
              }
            }
            style={
              {
                "borderRadius": 8,
                "height": 100,
                "width": 100,
              }
            }
          />
          <Text
            style={
              {
                "marginLeft": "auto",
                "marginRight": "auto",
                "marginTop": 8,
                "overflow": "hidden",
                "width": 100,
              }
            }
          >
            Los Pollos Hermanos
          </Text>
        </View>
        <View
          accessible={true}
          collapsable={false}
          focusable={true}
          onClick={[Function]}
          onResponderGrant={[Function]}
          onResponderMove={[Function]}
          onResponderRelease={[Function]}
          onResponderTerminate={[Function]}
          onResponderTerminationRequest={[Function]}
          onStartShouldSetResponder={[Function]}
          style={
            {
              "marginLeft": 20,
              "opacity": 1,
            }
          }
        >
          <Image
            source={
              {
                "uri": "https://static.independent.co.uk/s3fs-public/thumbnails/image/2015/05/01/15/lospolloshermanos.jpg?width=1200",
              }
            }
            style={
              {
                "borderRadius": 8,
                "height": 100,
                "width": 100,
              }
            }
          />
          <Text
            style={
              {
                "marginLeft": "auto",
                "marginRight": "auto",
                "marginTop": 8,
                "overflow": "hidden",
                "width": 100,
              }
            }
          >
            Los Pollos Hermanos
          </Text>
        </View>
        <View
          accessible={true}
          collapsable={false}
          focusable={true}
          onClick={[Function]}
          onResponderGrant={[Function]}
          onResponderMove={[Function]}
          onResponderRelease={[Function]}
          onResponderTerminate={[Function]}
          onResponderTerminationRequest={[Function]}
          onStartShouldSetResponder={[Function]}
          style={
            {
              "marginLeft": 20,
              "opacity": 1,
            }
          }
        >
          <Image
            source={
              {
                "uri": "https://static.independent.co.uk/s3fs-public/thumbnails/image/2015/05/01/15/lospolloshermanos.jpg?width=1200",
              }
            }
            style={
              {
                "borderRadius": 8,
                "height": 100,
                "width": 100,
              }
            }
          />
          <Text
            style={
              {
                "marginLeft": "auto",
                "marginRight": "auto",
                "marginTop": 8,
                "overflow": "hidden",
                "width": 100,
              }
            }
          >
            Los Pollos Hermanos
          </Text>
        </View>
        <View
          accessible={true}
          collapsable={false}
          focusable={true}
          onClick={[Function]}
          onResponderGrant={[Function]}
          onResponderMove={[Function]}
          onResponderRelease={[Function]}
          onResponderTerminate={[Function]}
          onResponderTerminationRequest={[Function]}
          onStartShouldSetResponder={[Function]}
          style={
            {
              "marginLeft": 20,
              "opacity": 1,
            }
          }
        >
          <Image
            source={
              {
                "uri": "https://static.independent.co.uk/s3fs-public/thumbnails/image/2015/05/01/15/lospolloshermanos.jpg?width=1200",
              }
            }
            style={
              {
                "borderRadius": 8,
                "height": 100,
                "width": 100,
              }
            }
          />
          <Text
            style={
              {
                "marginLeft": "auto",
                "marginRight": "auto",
                "marginTop": 8,
                "overflow": "hidden",
                "width": 100,
              }
            }
          >
            Los Pollos Hermanos
          </Text>
        </View>
      </View>
    </RCTScrollView>
    <View
      style={
        {
          "display": "flex",
          "flexDirection": "row",
          "flexWrap": "nowrap",
          "marginTop": 20,
          "overflowX": "scroll",
        }
      }
    >
      <Text
        style={
          {
            "fontSize": 20,
            "fontWeight": "bold",
            "marginBottom": 12,
            "marginRight": "auto",
            "marginVertical": 8,
            "paddingHorizontal": 20,
          }
        }
      >
        Recent Parties
      </Text>
    </View>
    <RCTScrollView
      contentContainerStyle={
        {
          "alignItems": "flex-start",
        }
      }
      horizontal={true}
      style={
        {
          "display": "flex",
          "flexDirection": "row",
          "flexWrap": "nowrap",
          "marginTop": 8,
          "overflowX": "scroll",
        }
      }
    >
      <View>
        <View
          style={
            [
              {
                "justifyContent": "center",
              },
              {
                "marginLeft": 20,
              },
            ]
          }
        >
          <View
            accessible={true}
            collapsable={false}
            focusable={true}
            onClick={[Function]}
            onResponderGrant={[Function]}
            onResponderMove={[Function]}
            onResponderRelease={[Function]}
            onResponderTerminate={[Function]}
            onResponderTerminationRequest={[Function]}
            onStartShouldSetResponder={[Function]}
            style={
              {
                "backgroundColor": "#ddd",
                "borderRadius": 50,
                "height": 100,
                "marginBottom": 10,
                "opacity": 1,
                "padding": 20,
                "position": "relative",
                "width": 100,
              }
            }
          >
            <Image
              source={
                {
                  "uri": "https://compote.slate.com/images/fb69a16d-7f35-4103-98c1-62d466196b9a.jpg?width=1200",
                }
              }
              style={
                [
                  {
                    "borderRadius": 22.5,
                    "bottom": 5,
                    "height": 45,
                    "right": 5,
                    "width": 45,
                  },
                  {
                    "borderColor": "#ddd",
                    "borderStyle": "solid",
                    "borderWidth": 3,
                    "position": "absolute",
                  },
                ]
              }
            />
            <Image
              source={
                {
                  "uri": "https://encrypted-tbn0.gstatic.com/images?q=tbn:ANd9GcQS7_zsiM5wfE2uac1B7Xk-jdVGpCKzrQqEwOaK9ak60O1iI4Don3BcWR_sOsumMQetlSw&usqp=CAU",
                }
              }
              style={
                [
                  {
                    "borderRadius": 27.5,
                    "height": 55,
                    "right": 5,
                    "top": 5,
                    "width": 55,
                  },
                  {
                    "borderColor": "#ddd",
                    "borderStyle": "solid",
                    "borderWidth": 3,
                    "position": "absolute",
                  },
                ]
              }
            />
            <Image
              source={
                {
                  "uri": "https://static.wikia.nocookie.net/breakingbad/images/5/54/BCS_S3_GusFring.jpg/revision/latest?cb=20170327185354",
                }
              }
              style={
                [
                  {
                    "borderRadius": 30,
                    "height": 65,
                    "top": 10,
                    "width": 65,
                  },
                  {
                    "borderColor": "#ddd",
                    "borderStyle": "solid",
                    "borderWidth": 3,
                    "position": "absolute",
                  },
                ]
              }
            />
          </View>
          <Text
            style={
              {
                "marginLeft": "auto",
                "marginRight": "auto",
                "width": 100,
              }
            }
          >
            The boys
          </Text>
        </View>
        <View
          style={
            [
              {
                "justifyContent": "center",
              },
              {
                "marginLeft": 20,
              },
            ]
          }
        >
          <View
            accessible={true}
            collapsable={false}
            focusable={true}
            onClick={[Function]}
            onResponderGrant={[Function]}
            onResponderMove={[Function]}
            onResponderRelease={[Function]}
            onResponderTerminate={[Function]}
            onResponderTerminationRequest={[Function]}
            onStartShouldSetResponder={[Function]}
            style={
              {
                "backgroundColor": "#ddd",
                "borderRadius": 50,
                "height": 100,
                "marginBottom": 10,
                "opacity": 1,
                "padding": 20,
                "position": "relative",
                "width": 100,
              }
            }
          >
            <View
              style={
                [
                  {
                    "borderRadius": 22.5,
                    "bottom": 5,
                    "height": 45,
                    "right": 5,
                    "width": 45,
                  },
                  {
                    "alignContent": "center",
                    "alignItems": "center",
                    "backgroundColor": "#999",
                    "display": "flex",
                    "justifyContent": "center",
                  },
                  {
                    "borderColor": "#ddd",
                    "borderStyle": "solid",
                    "borderWidth": 3,
                    "position": "absolute",
                  },
                ]
              }
            >
              <Text>
                +
                2
              </Text>
            </View>
            <Image
              source={
                {
                  "uri": "https://external-preview.redd.it/Af65FrXSGlwOobPUnC3MNOI1D3xCCERFWoVFfhzpgio.png?format=pjpg&auto=webp&s=ed7b1feb0f8356ba51ea70f5b26b81c1868bc005",
                }
              }
              style={
                [
                  {
                    "borderRadius": 27.5,
                    "height": 55,
                    "right": 5,
                    "top": 5,
                    "width": 55,
                  },
                  {
                    "borderColor": "#ddd",
                    "borderStyle": "solid",
                    "borderWidth": 3,
                    "position": "absolute",
                  },
                ]
              }
            />
            <Image
              source={
                {
                  "uri": "https://encrypted-tbn0.gstatic.com/images?q=tbn:ANd9GcQS7_zsiM5wfE2uac1B7Xk-jdVGpCKzrQqEwOaK9ak60O1iI4Don3BcWR_sOsumMQetlSw&usqp=CAU",
                }
              }
              style={
                [
                  {
                    "borderRadius": 30,
                    "height": 65,
                    "top": 10,
                    "width": 65,
                  },
                  {
                    "borderColor": "#ddd",
                    "borderStyle": "solid",
                    "borderWidth": 3,
                    "position": "absolute",
                  },
                ]
              }
            />
          </View>
          <Text
            style={
              {
                "marginLeft": "auto",
                "marginRight": "auto",
                "width": 100,
              }
            }
          >
            SSDrink&Drive
          </Text>
        </View>
        <View
          style={
            [
              {
                "justifyContent": "center",
              },
              {
                "marginLeft": 20,
              },
            ]
          }
        >
          <View
            accessible={true}
            collapsable={false}
            focusable={true}
            onClick={[Function]}
            onResponderGrant={[Function]}
            onResponderMove={[Function]}
            onResponderRelease={[Function]}
            onResponderTerminate={[Function]}
            onResponderTerminationRequest={[Function]}
            onStartShouldSetResponder={[Function]}
            style={
              {
                "backgroundColor": "#ddd",
                "borderRadius": 50,
                "height": 100,
                "marginBottom": 10,
                "opacity": 1,
                "padding": 20,
                "position": "relative",
                "width": 100,
              }
            }
          >
            <Image
              source={
                {
                  "uri": "https://static.wikia.nocookie.net/breakingbad/images/4/40/Season_2_-_Skyler.jpg/revision/latest?cb=20090617160516",
                }
              }
              style={
                [
                  {
                    "borderRadius": 27.5,
                    "height": 55,
                    "right": 5,
                    "top": 5,
                    "width": 55,
                  },
                  {
                    "borderColor": "#ddd",
                    "borderStyle": "solid",
                    "borderWidth": 3,
                    "position": "absolute",
                  },
                ]
              }
            />
            <Image
              source={
                {
                  "uri": "https://encrypted-tbn0.gstatic.com/images?q=tbn:ANd9GcQS7_zsiM5wfE2uac1B7Xk-jdVGpCKzrQqEwOaK9ak60O1iI4Don3BcWR_sOsumMQetlSw&usqp=CAU",
                }
              }
              style={
                [
                  {
                    "borderRadius": 30,
                    "height": 65,
                    "top": 10,
                    "width": 65,
                  },
                  {
                    "borderColor": "#ddd",
                    "borderStyle": "solid",
                    "borderWidth": 3,
                    "position": "absolute",
                  },
                ]
              }
            />
          </View>
          <Text
            style={
              {
                "marginLeft": "auto",
                "marginRight": "auto",
                "width": 100,
              }
            }
          >
            My family
          </Text>
        </View>
        <View
          style={
            [
              {
                "justifyContent": "center",
              },
              {
                "marginLeft": 20,
              },
            ]
          }
        >
          <View
            accessible={true}
            collapsable={false}
            focusable={true}
            onClick={[Function]}
            onResponderGrant={[Function]}
            onResponderMove={[Function]}
            onResponderRelease={[Function]}
            onResponderTerminate={[Function]}
            onResponderTerminationRequest={[Function]}
            onStartShouldSetResponder={[Function]}
            style={
              {
                "backgroundColor": "#ddd",
                "borderRadius": 50,
                "height": 100,
                "marginBottom": 10,
                "opacity": 1,
                "padding": 20,
                "position": "relative",
                "width": 100,
              }
            }
          >
            <Image
              source={
                {
                  "uri": "https://encrypted-tbn0.gstatic.com/images?q=tbn:ANd9GcQS7_zsiM5wfE2uac1B7Xk-jdVGpCKzrQqEwOaK9ak60O1iI4Don3BcWR_sOsumMQetlSw&usqp=CAU",
                }
              }
              style={
                [
                  {
                    "borderRadius": 27.5,
                    "height": 55,
                    "right": 5,
                    "top": 5,
                    "width": 55,
                  },
                  {
                    "borderColor": "#ddd",
                    "borderStyle": "solid",
                    "borderWidth": 3,
                    "position": "absolute",
                  },
                ]
              }
            />
            <Image
              source={
                {
                  "uri": "https://external-preview.redd.it/Af65FrXSGlwOobPUnC3MNOI1D3xCCERFWoVFfhzpgio.png?format=pjpg&auto=webp&s=ed7b1feb0f8356ba51ea70f5b26b81c1868bc005",
                }
              }
              style={
                [
                  {
                    "borderRadius": 30,
                    "height": 65,
                    "top": 10,
                    "width": 65,
                  },
                  {
                    "borderColor": "#ddd",
                    "borderStyle": "solid",
                    "borderWidth": 3,
                    "position": "absolute",
                  },
                ]
              }
            />
          </View>
          <Text
            style={
              {
                "marginLeft": "auto",
                "marginRight": "auto",
                "width": 100,
              }
            }
          >
            Whiskey Wednesday Gang
          </Text>
        </View>
      </View>
    </RCTScrollView>
    <View
      style={
        {
          "display": "flex",
          "flexDirection": "row",
          "flexWrap": "nowrap",
          "marginTop": 20,
          "overflowX": "scroll",
        }
      }
    >
      <Text
        style={
          {
            "fontSize": 20,
            "fontWeight": "bold",
            "marginBottom": 12,
            "marginRight": "auto",
            "marginVertical": 8,
            "paddingHorizontal": 20,
          }
        }
      >
        Saved restaurants
      </Text>
      <View
        accessibilityRole="button"
        accessible={true}
        collapsable={false}
        focusable={true}
        onClick={[Function]}
        onResponderGrant={[Function]}
        onResponderMove={[Function]}
        onResponderRelease={[Function]}
        onResponderTerminate={[Function]}
        onResponderTerminationRequest={[Function]}
        onStartShouldSetResponder={[Function]}
        style={
          {
            "opacity": 1,
          }
        }
      >
        <View
          style={
            [
              {},
            ]
          }
        >
          <Text
            style={
              [
                {
                  "color": "#007AFF",
                  "fontSize": 18,
                  "margin": 8,
                  "textAlign": "center",
                },
                {
                  "color": "#ff6e6e",
                },
              ]
            }
          >
            See all
          </Text>
        </View>
      </View>
    </View>
    <RCTScrollView
      horizontal={true}
      style={
        {
          "display": "flex",
          "flexDirection": "row",
          "flexWrap": "nowrap",
          "marginTop": 8,
          "overflowX": "scroll",
        }
      }
    >
      <View>
        <View
          accessible={true}
          collapsable={false}
          focusable={true}
          onClick={[Function]}
          onResponderGrant={[Function]}
          onResponderMove={[Function]}
          onResponderRelease={[Function]}
          onResponderTerminate={[Function]}
          onResponderTerminationRequest={[Function]}
          onStartShouldSetResponder={[Function]}
          style={
            {
              "marginLeft": 20,
              "opacity": 1,
            }
          }
        >
          <Image
            source={
              {
                "uri": "https://static.independent.co.uk/s3fs-public/thumbnails/image/2015/05/01/15/lospolloshermanos.jpg?width=1200",
              }
            }
            style={
              {
                "borderRadius": 8,
                "height": 100,
                "width": 100,
              }
            }
          />
          <Text
            style={
              {
                "marginLeft": "auto",
                "marginRight": "auto",
                "marginTop": 8,
                "overflow": "hidden",
                "width": 100,
              }
            }
          >
            Los Pollos Hermanos
          </Text>
        </View>
        <View
          accessible={true}
          collapsable={false}
          focusable={true}
          onClick={[Function]}
          onResponderGrant={[Function]}
          onResponderMove={[Function]}
          onResponderRelease={[Function]}
          onResponderTerminate={[Function]}
          onResponderTerminationRequest={[Function]}
          onStartShouldSetResponder={[Function]}
          style={
            {
              "marginLeft": 20,
              "opacity": 1,
            }
          }
        >
          <Image
            source={
              {
                "uri": "https://static.independent.co.uk/s3fs-public/thumbnails/image/2015/05/01/15/lospolloshermanos.jpg?width=1200",
              }
            }
            style={
              {
                "borderRadius": 8,
                "height": 100,
                "width": 100,
              }
            }
          />
          <Text
            style={
              {
                "marginLeft": "auto",
                "marginRight": "auto",
                "marginTop": 8,
                "overflow": "hidden",
                "width": 100,
              }
            }
          >
            Los Pollos Hermanos
          </Text>
        </View>
        <View
          accessible={true}
          collapsable={false}
          focusable={true}
          onClick={[Function]}
          onResponderGrant={[Function]}
          onResponderMove={[Function]}
          onResponderRelease={[Function]}
          onResponderTerminate={[Function]}
          onResponderTerminationRequest={[Function]}
          onStartShouldSetResponder={[Function]}
          style={
            {
              "marginLeft": 20,
              "opacity": 1,
            }
          }
        >
          <Image
            source={
              {
                "uri": "https://static.independent.co.uk/s3fs-public/thumbnails/image/2015/05/01/15/lospolloshermanos.jpg?width=1200",
              }
            }
            style={
              {
                "borderRadius": 8,
                "height": 100,
                "width": 100,
              }
            }
          />
          <Text
            style={
              {
                "marginLeft": "auto",
                "marginRight": "auto",
                "marginTop": 8,
                "overflow": "hidden",
                "width": 100,
              }
            }
          >
            Los Pollos Hermanos
          </Text>
        </View>
      </View>
    </RCTScrollView>
    <View
      style={
        {
          "height": 20,
        }
      }
    />
  </View>
</RCTScrollView>
`;
