// Jest Snapshot v1, https://goo.gl/fbAQLP

exports[`ProfileScreen Renders Restaurant screen correctly 1`] = `
<RCTScrollView>
  <View>
    <Image
      source={
        {
          "uri": "https://static.independent.co.uk/s3fs-public/thumbnails/image/2015/05/01/15/lospolloshermanos.jpg?width=1200",
        }
      }
      style={
        {
          "height": 200,
          "width": "100%",
        }
      }
    />
    <View
      style={
        {
          "paddingHorizontal": 24,
        }
      }
    >
      <Text
        style={
          {
            "fontSize": 24,
            "fontWeight": "bold",
            "marginBottom": 12,
            "marginTop": 18,
          }
        }
      >
        Los Pollos Hermanos
      </Text>
      <View
        style={
          {
            "alignItems": "flex-start",
            "display": "flex",
            "flexDirection": "row",
            "justifyContent": "flex-start",
          }
        }
      >
        <Text>
          $
        </Text>
        <Text
          style={
            {
              "color": "#818181",
            }
          }
        >
          $
        </Text>
        <Text
          style={
            {
              "color": "#818181",
            }
          }
        >
          $
        </Text>
        <Text
          style={
            {
              "color": "#818181",
            }
          }
        >
          $
        </Text>
        <Text
          style={
            {
              "color": "#818181",
            }
          }
        >
          $
        </Text>
      </View>
      <View
        style={
          {
            "display": "flex",
            "flexDirection": "row",
          }
        }
      >
        <View
          accessible={true}
          collapsable={false}
          focusable={false}
          onClick={[Function]}
          onResponderGrant={[Function]}
          onResponderMove={[Function]}
          onResponderRelease={[Function]}
          onResponderTerminate={[Function]}
          onResponderTerminationRequest={[Function]}
          onStartShouldSetResponder={[Function]}
          style={
            {
              "alignContent": "center",
              "alignItems": "center",
              "justifyContent": "center",
              "marginRight": 8,
              "opacity": 1,
            }
          }
        >
          <MockedMaterialCommunityIconsicons
            color="#FF6D6E"
            name="directions"
            size={16}
            style={
              {
                "alignSelf": "center",
              }
            }
          />
          <Text
            style={
              {
                "fontSize": 8,
              }
            }
          >
            Directions
          </Text>
        </View>
        <View>
          <Text
            style={
              {
                "marginTop": 12,
              }
            }
          >
            1515 SW 13th Street
          </Text>
          <Text>
            Gainesville, FL 32601
          </Text>
        </View>
      </View>
      <Text
        style={
          {
            "marginTop": 12,
          }
        }
      >
        Fast-food chain serving Mexican-inspired fare such as tacos, quesadillas & nachos.
      </Text>
      <View
        style={
          {
            "alignItems": "baseline",
            "display": "flex",
            "flexDirection": "row",
          }
        }
      >
        <Text
          style={
            {
              "fontSize": 18,
              "fontWeight": "bold",
              "marginRight": "auto",
              "marginTop": 30,
              "marginVertical": 10,
            }
          }
        >
          Reviews
        </Text>
        <View
          accessibilityRole="button"
          accessible={true}
          collapsable={false}
          focusable={true}
          onClick={[Function]}
          onResponderGrant={[Function]}
          onResponderMove={[Function]}
          onResponderRelease={[Function]}
          onResponderTerminate={[Function]}
          onResponderTerminationRequest={[Function]}
          onStartShouldSetResponder={[Function]}
          style={
            {
              "opacity": 1,
            }
          }
        >
          <View
            style={
              [
                {},
              ]
            }
          >
            <Text
              style={
                [
                  {
                    "color": "#007AFF",
                    "fontSize": 18,
                    "margin": 8,
                    "textAlign": "center",
                  },
                  {
                    "color": "#ff6e6e",
                  },
                ]
              }
            >
              See all
            </Text>
          </View>
        </View>
      </View>
      <Text
        style={
          {
            "display": "flex",
          }
        }
      >
        <Text
          style={
            {
              "fontSize": 18,
              "marginBottom": 10,
            }
          }
        >
          4
          <MockedMaterialCommunityIconsicons
            color="orange"
            name="star"
            size={16}
          />
        </Text>
        <Text
          style={
            {
              "color": "#444444",
              "fontSize": 12,
            }
          }
        >
           average review on Yelp
        </Text>
      </Text>
      <View
        style={
          {
            "alignItems": "center",
            "flexDirection": "row",
            "justifyContent": "center",
            "width": "100%",
          }
        }
      >
        <View
          style={
            [
              {
                "padding": 10,
              },
              {
                "flexBasis": 1,
                "flexShrink": 1,
                "minWidth": 50,
              },
            ]
          }
        >
          <Text>
            1
            <MockedFontAwesomeIconsicons
              color="orange"
              name="star"
              size={16}
            />
          </Text>
        </View>
        <View
          style={
            [
              {
                "padding": 10,
              },
              {
                "flexBasis": 1,
                "flexGrow": 1,
              },
            ]
          }
        >
          <Text>
            It was ok.
          </Text>
        </View>
      </View>
      <View
        style={
          {
            "alignItems": "center",
            "flexDirection": "row",
            "justifyContent": "center",
            "width": "100%",
          }
        }
      >
        <View
          style={
            [
              {
                "padding": 10,
              },
              {
                "flexBasis": 1,
                "flexShrink": 1,
                "minWidth": 50,
              },
            ]
          }
        >
          <Text>
            5
            <MockedFontAwesomeIconsicons
              color="orange"
              name="star"
              size={16}
            />
          </Text>
        </View>
        <View
          style={
            [
              {
                "padding": 10,
              },
              {
                "flexBasis": 1,
                "flexGrow": 1,
              },
            ]
          }
        >
          <Text>
            The quesalupa is good. I ordered 5 of them and they were yummy and I ate all of them.
          </Text>
        </View>
      </View>
    </View>
  </View>
</RCTScrollView>
`;
